// Jest Snapshot v1, https://goo.gl/fbAQLP

exports[`Episode component matches snapshot 1`] = `
<a
  className="sc-bdvvtL egPeii"
  href="/episode/1"
  onClick={[Function]}
>
  <span
    className="sc-gsDKAQ ksHaVr"
  >
    2
  </span>
  <strong
    className="sc-dkPtRN"
  >
    episode
  </strong>
</a>
`;
